params: {}
output: https://github.com/rbturnbull/corgi/releases/download/v0.3.1-alpha/corgi-0.3.pkl
